---
source: tests/test_record_samples.rs
assertion_line: 238
expression: "&value"
---
{
  "Event": {
    "#attributes": {
      "xmlns": "http://schemas.microsoft.com/win/2004/08/events/event"
    },
    "EventData": {
      "Data": {
        "#text": [
          "Set-Mailbox",
          "-Identity \"Administrateur\" -DeliverToMailboxAndForward \"False\" -ForwardingSmtpAddress \"smtp:test2@example.com\"",
          "ave.local/Users/Administrateur",
          "S-1-5-21-186559946-3925841745-111227986-500",
          "S-1-5-21-186559946-3925841745-111227986-500",
          "Remote-ManagementShell-Unknown",
          "5668 w3wp#MSExchangePowerShellAppPool",
          "5",
          "00:00:26.0389557",
          "Afficher la forêt entière : 'False', Portée par défaut : « ave.local », Configuration du contrôleur de domaine : « DC.ave.local », Catalogue global préféré : « DC.ave.local », Contrôleurs de domaine préférés : « { DC.ave.local } »",
          "False",
          "0 objects execution has been proxied to remote server.",
          "0",
          "ActivityId: a3591746-a27b-447a-b8be-ff54ae3a46f1",
          "ServicePlan:;IsAdmin:True;",
          "fr-FR"
        ]
      }
    },
    "System": {
      "Channel": "MSExchange Management",
      "Computer": "WEC.ave.local",
      "EventID": {
        "#attributes": {
          "Qualifiers": "16384"
        },
        "#text": "1"
      },
      "EventRecordID": "3229",
      "Keywords": "0x80000000000000",
      "Level": "4",
      "Provider": {
        "#attributes": {
          "Name": "MSExchange CmdletLogs"
        }
      },
      "Security": null,
      "Task": "1",
      "TimeCreated": {
        "#attributes": {
          "SystemTime": "2021-11-19T16:52:33.833733500Z"
        }
      }
    }
  }
}
